// Jest Snapshot v1, https://goo.gl/fbAQLP

exports[`convertComponentsToMutationVariables when converting components to mutation variables should return as an application questionnaire and return as valid if it meets the conditions 1`] = `
{
  "valid": true,
  "variables": {
    "input": {
      "applicationQuestionnaire": {
        "components": [
          {
            "componentTypeCode": "Question",
            "question": {
              "componentTypeCode": "Question",
              "questionHtml": "Tell us about yourself",
              "responseTypeCode": "FreeText",
              "value": "04e671b1-166d-416d-a346-4b560ad13a51",
            },
          },
          {
            "componentTypeCode": "Question",
            "question": {
              "componentTypeCode": "Question",
              "questionHtml": "Can you drive?",
              "responseChoice": [
                {
                  "preferredIndicator": true,
                  "text": "Yes",
                  "value": "yes",
                },
                {
                  "preferredIndicator": false,
                  "text": "No",
                  "value": "no",
                },
              ],
              "responseTypeCode": "SingleSelect",
              "value": "76250b99-dfc7-47a3-8418-1fc6bee64589",
            },
          },
          {
            "componentTypeCode": "PrivacyConsent",
            "privacyConsent": {
              "componentTypeCode": "PrivacyConsent",
              "descriptionHtml": "Do you agree to the privacy policy?",
              "privacyPolicyUrl": {
                "url": "https://www.seek.com.au/my-privacy/",
              },
              "value": "cdb93e19-6caf-4852-854c-3088787f234c",
            },
          },
        ],
        "hirerId": "123",
      },
    },
  },
}
`;
